RAM Allocation
Variable                                                          Address   Size
--------------------------------------------------------------------------------
TX_ADDRESS                                                        0x03C5       5
RX_ADDRESS                                                        0x03CA       5
debugMsgBuff                                                      0x03CF      32
rb                                                                0x03EF      28
robot11                                                           0x040B      14
robot12                                                           0x0419      14
robot13                                                           0x0427      14
robot21                                                           0x0435      14
robot22                                                           0x0443      14
robot23                                                           0x0451      14
robotctrl                                                         0x045F      14
errangle                                                          0x046D       4
distance                                                          0x0471       4
orientation                                                       0x0475       4
RxBuf                                                             0x0479      32
setRobotX                                                         0x0499       4
setRobotY                                                         0x049D       4
setRobotXmin                                                      0x04A1       4
setRobotXmax                                                      0x04A5       4
setRobotAngleX                                                    0x04A9       4
setRobotAngleY                                                    0x04AD       4
offestsanco                                                       0x04B1       4
rbctrlHomeX                                                       0x04B5       4
rbctrlHomeY                                                       0x04B9       4
rbctrlPenaltyX                                                    0x04BD       4
rbctrlPenaltyY                                                    0x04C1       4
rbctrlPenaltyAngle                                                0x04C5       4
rbctrlHomeAngle                                                   0x04C9       4
cntsethomeRB                                                      0x04CD       2
cntstuckRB                                                        0x04CF       2
cntunlookRB                                                       0x04D1       2
flagsethome                                                       0x04D3       2
flagselftest                                                      0x04D5       2
cntselftest                                                       0x04D7       2
leftSpeed                                                         0x04D9       2
rightSpeed                                                        0x04DB       2
id                                                                0x04DD       1
IRFL                                                              0x04DE       2
IRFR                                                              0x04E0       2
IRLINE                                                            0x04E2      10
timerstick                                                        0x04EC       2
timerstickdis                                                     0x04EE       2
timerstickang                                                     0x04F0       2
timerstickctr                                                     0x04F2       2
vQEL                                                              0x04F4       2
vQER                                                              0x04F6       2
oldQEL                                                            0x04F8       2
oldQER                                                            0x04FA       2
svQEL                                                             0x04FC       2
svQER                                                             0x04FE       2
seRki                                                             0x0500       2
seLki                                                             0x0502       2
uL                                                                0x0504       2
uR                                                                0x0506       2
KpR                                                               0x0508       2
KiR                                                               0x050A       2
KpL                                                               0x050C       2
KiL                                                               0x050E       2
xrb_last                                                          0x0510       2
yrb_last                                                          0x0512       2
angle_last                                                        0x0514       4
sd                                                                0x0518       2
oldd                                                              0x051A       2
flagwaitctrRobot                                                  0x051C       1
sa                                                                0x051D       2
olda                                                              0x051F       2
flagwaitctrAngle                                                  0x0521       1
flagtask                                                          0x0522       2
flagtaskold                                                       0x0524       2
flaghuongtrue                                                     0x0526       2
verranglekisum                                                    0x0528       2
QEL                                                               0x052A       2
QER                                                               0x052C       2
rx_buffer                                                         0x052E       8
rx_wr_index                                                       0x0536       1
rx_rd_index                                                       0x0537       1
rx_counter                                                        0x0538       1
tx_buffer                                                         0x0539       8
tx_wr_index                                                       0x0541       1
tx_rd_index                                                       0x0542       1
tx_counter                                                        0x0543       1
oldOrientation                                                    0x0544       4
timer2Count                                                       0x0548       1
posUpdateFlag                                                     0x0549       1
oldPos                                                            0x054A       4
_seed                                                             0x054E       4

EEPROM Allocation
Variable                                                          Address   Size
--------------------------------------------------------------------------------

Register Allocation
Variable                                                          Register  Size
--------------------------------------------------------------------------------
flagtancong                                                       R4,R5        2
offsetphongthu                                                    R6,R7        2
goctancong                                                        R8,R9        2
cmdCtrlRobot                                                      R10,R11      2
idRobot                                                           R12,R13      2
rx_buffer_overflow                                                R2.0      1bit
